INFO [2023-12-21 11:10:48] $x
INFO [2023-12-21 11:10:48] list(A, B, C)
INFO [2023-12-21 11:10:48] 
INFO [2023-12-21 11:10:48] $category.names
INFO [2023-12-21 11:10:48] c("A", "B ", "C")
INFO [2023-12-21 11:10:48] 
INFO [2023-12-21 11:10:48] $filename
INFO [2023-12-21 11:10:48] [1] "diagramaEst.png"
INFO [2023-12-21 11:10:48] 
INFO [2023-12-21 11:10:48] $imagetype
INFO [2023-12-21 11:10:48] [1] "png"
INFO [2023-12-21 11:10:48] 
INFO [2023-12-21 11:10:48] $height
INFO [2023-12-21 11:10:48] [1] 1000
INFO [2023-12-21 11:10:48] 
INFO [2023-12-21 11:10:48] $width
INFO [2023-12-21 11:10:48] [1] 1000
INFO [2023-12-21 11:10:48] 
INFO [2023-12-21 11:10:48] $resolution
INFO [2023-12-21 11:10:48] [1] 300
INFO [2023-12-21 11:10:48] 
INFO [2023-12-21 11:10:48] $lwd
INFO [2023-12-21 11:10:48] [1] 1
INFO [2023-12-21 11:10:48] 
INFO [2023-12-21 11:10:48] $cex
INFO [2023-12-21 11:10:48] [1] 1
INFO [2023-12-21 11:10:48] 
INFO [2023-12-21 11:10:48] $cat.cex
INFO [2023-12-21 11:10:48] [1] 1
INFO [2023-12-21 11:10:48] 
INFO [2023-12-21 11:10:48] $col
INFO [2023-12-21 11:10:48] c("red", "blue", "black")
INFO [2023-12-21 11:10:48] 
INFO [2023-12-21 11:10:48] $fill
INFO [2023-12-21 11:10:48] myCol
INFO [2023-12-21 11:10:48] 
INFO [2023-12-21 11:10:48] $fontfamily
INFO [2023-12-21 11:10:48] [1] "sans"
INFO [2023-12-21 11:10:48] 
INFO [2023-12-21 11:10:48] $cat.col
INFO [2023-12-21 11:10:48] c("red", "blue", "black")
INFO [2023-12-21 11:10:48] 
INFO [2023-12-21 11:10:48] [[15]]
INFO [2023-12-21 11:10:48] 
INFO [2023-12-21 11:10:48] 
