INFO [2023-12-21 11:10:17] $x
INFO [2023-12-21 11:10:17] list(A, B, C)
INFO [2023-12-21 11:10:17] 
INFO [2023-12-21 11:10:17] $category.names
INFO [2023-12-21 11:10:17] c("A", "B ", "C")
INFO [2023-12-21 11:10:17] 
INFO [2023-12-21 11:10:17] $filename
INFO [2023-12-21 11:10:17] [1] "diagramaEst.png"
INFO [2023-12-21 11:10:17] 
INFO [2023-12-21 11:10:17] $imagetype
INFO [2023-12-21 11:10:17] [1] "png"
INFO [2023-12-21 11:10:17] 
INFO [2023-12-21 11:10:17] $height
INFO [2023-12-21 11:10:17] [1] 1000
INFO [2023-12-21 11:10:17] 
INFO [2023-12-21 11:10:17] $width
INFO [2023-12-21 11:10:17] [1] 1000
INFO [2023-12-21 11:10:17] 
INFO [2023-12-21 11:10:17] $resolution
INFO [2023-12-21 11:10:17] [1] 300
INFO [2023-12-21 11:10:17] 
INFO [2023-12-21 11:10:17] $lwd
INFO [2023-12-21 11:10:17] [1] 1
INFO [2023-12-21 11:10:17] 
INFO [2023-12-21 11:10:17] $cex
INFO [2023-12-21 11:10:17] [1] 1
INFO [2023-12-21 11:10:17] 
INFO [2023-12-21 11:10:17] $cat.cex
INFO [2023-12-21 11:10:17] [1] 1
INFO [2023-12-21 11:10:17] 
INFO [2023-12-21 11:10:17] $col
INFO [2023-12-21 11:10:17] c("red", "blue", "black")
INFO [2023-12-21 11:10:17] 
INFO [2023-12-21 11:10:17] $fill
INFO [2023-12-21 11:10:17] myCol
INFO [2023-12-21 11:10:17] 
INFO [2023-12-21 11:10:17] $fontfamily
INFO [2023-12-21 11:10:17] [1] "sans"
INFO [2023-12-21 11:10:17] 
INFO [2023-12-21 11:10:17] $cat.col
INFO [2023-12-21 11:10:17] c("red", "blue", "black")
INFO [2023-12-21 11:10:17] 
INFO [2023-12-21 11:10:17] [[15]]
INFO [2023-12-21 11:10:17] 
INFO [2023-12-21 11:10:17] 
