INFO [2023-04-12 09:11:25] $x
INFO [2023-04-12 09:11:25] list(A, B, C)
INFO [2023-04-12 09:11:25] 
INFO [2023-04-12 09:11:25] $category.names
INFO [2023-04-12 09:11:25] c("A", "B ", "C")
INFO [2023-04-12 09:11:25] 
INFO [2023-04-12 09:11:25] $filename
INFO [2023-04-12 09:11:25] [1] "images/diagramaEst.png"
INFO [2023-04-12 09:11:25] 
INFO [2023-04-12 09:11:25] $imagetype
INFO [2023-04-12 09:11:25] [1] "png"
INFO [2023-04-12 09:11:25] 
INFO [2023-04-12 09:11:25] $height
INFO [2023-04-12 09:11:25] [1] 1000
INFO [2023-04-12 09:11:25] 
INFO [2023-04-12 09:11:25] $width
INFO [2023-04-12 09:11:25] [1] 1000
INFO [2023-04-12 09:11:25] 
INFO [2023-04-12 09:11:25] $resolution
INFO [2023-04-12 09:11:25] [1] 300
INFO [2023-04-12 09:11:25] 
INFO [2023-04-12 09:11:25] $lwd
INFO [2023-04-12 09:11:25] [1] 1
INFO [2023-04-12 09:11:25] 
INFO [2023-04-12 09:11:25] $cex
INFO [2023-04-12 09:11:25] [1] 1
INFO [2023-04-12 09:11:25] 
INFO [2023-04-12 09:11:25] $cat.cex
INFO [2023-04-12 09:11:25] [1] 1
INFO [2023-04-12 09:11:25] 
INFO [2023-04-12 09:11:25] $col
INFO [2023-04-12 09:11:25] c("red", "blue", "black")
INFO [2023-04-12 09:11:25] 
INFO [2023-04-12 09:11:25] $fill
INFO [2023-04-12 09:11:25] myCol
INFO [2023-04-12 09:11:25] 
INFO [2023-04-12 09:11:25] $fontfamily
INFO [2023-04-12 09:11:25] [1] "sans"
INFO [2023-04-12 09:11:25] 
INFO [2023-04-12 09:11:25] $cat.col
INFO [2023-04-12 09:11:25] c("red", "blue", "black")
INFO [2023-04-12 09:11:25] 
INFO [2023-04-12 09:11:25] [[15]]
INFO [2023-04-12 09:11:25] 
INFO [2023-04-12 09:11:25] 
