INFO [2023-12-21 11:02:59] $x
INFO [2023-12-21 11:02:59] list(A, B, C)
INFO [2023-12-21 11:02:59] 
INFO [2023-12-21 11:02:59] $category.names
INFO [2023-12-21 11:02:59] c("A", "B ", "C")
INFO [2023-12-21 11:02:59] 
INFO [2023-12-21 11:02:59] $filename
INFO [2023-12-21 11:02:59] [1] "images/diagramaEst.png"
INFO [2023-12-21 11:02:59] 
INFO [2023-12-21 11:02:59] $imagetype
INFO [2023-12-21 11:02:59] [1] "png"
INFO [2023-12-21 11:02:59] 
INFO [2023-12-21 11:02:59] $height
INFO [2023-12-21 11:02:59] [1] 1000
INFO [2023-12-21 11:02:59] 
INFO [2023-12-21 11:02:59] $width
INFO [2023-12-21 11:02:59] [1] 1000
INFO [2023-12-21 11:02:59] 
INFO [2023-12-21 11:02:59] $resolution
INFO [2023-12-21 11:02:59] [1] 300
INFO [2023-12-21 11:02:59] 
INFO [2023-12-21 11:02:59] $lwd
INFO [2023-12-21 11:02:59] [1] 1
INFO [2023-12-21 11:02:59] 
INFO [2023-12-21 11:02:59] $cex
INFO [2023-12-21 11:02:59] [1] 1
INFO [2023-12-21 11:02:59] 
INFO [2023-12-21 11:02:59] $cat.cex
INFO [2023-12-21 11:02:59] [1] 1
INFO [2023-12-21 11:02:59] 
INFO [2023-12-21 11:02:59] $col
INFO [2023-12-21 11:02:59] c("red", "blue", "black")
INFO [2023-12-21 11:02:59] 
INFO [2023-12-21 11:02:59] $fill
INFO [2023-12-21 11:02:59] myCol
INFO [2023-12-21 11:02:59] 
INFO [2023-12-21 11:02:59] $fontfamily
INFO [2023-12-21 11:02:59] [1] "sans"
INFO [2023-12-21 11:02:59] 
INFO [2023-12-21 11:02:59] $cat.col
INFO [2023-12-21 11:02:59] c("red", "blue", "black")
INFO [2023-12-21 11:02:59] 
INFO [2023-12-21 11:02:59] [[15]]
INFO [2023-12-21 11:02:59] 
INFO [2023-12-21 11:02:59] 
