INFO [2021-05-31 09:06:01] $x
INFO [2021-05-31 09:06:01] list(A, B, C)
INFO [2021-05-31 09:06:01] 
INFO [2021-05-31 09:06:01] $category.names
INFO [2021-05-31 09:06:01] c("A", "B ", "C")
INFO [2021-05-31 09:06:01] 
INFO [2021-05-31 09:06:01] $filename
INFO [2021-05-31 09:06:01] [1] "images/diagramaEst.png"
INFO [2021-05-31 09:06:01] 
INFO [2021-05-31 09:06:01] $imagetype
INFO [2021-05-31 09:06:01] [1] "png"
INFO [2021-05-31 09:06:01] 
INFO [2021-05-31 09:06:01] $height
INFO [2021-05-31 09:06:01] [1] 1000
INFO [2021-05-31 09:06:01] 
INFO [2021-05-31 09:06:01] $width
INFO [2021-05-31 09:06:01] [1] 1000
INFO [2021-05-31 09:06:01] 
INFO [2021-05-31 09:06:01] $resolution
INFO [2021-05-31 09:06:01] [1] 300
INFO [2021-05-31 09:06:01] 
INFO [2021-05-31 09:06:01] $lwd
INFO [2021-05-31 09:06:01] [1] 1
INFO [2021-05-31 09:06:01] 
INFO [2021-05-31 09:06:01] $cex
INFO [2021-05-31 09:06:01] [1] 1
INFO [2021-05-31 09:06:01] 
INFO [2021-05-31 09:06:01] $cat.cex
INFO [2021-05-31 09:06:01] [1] 1
INFO [2021-05-31 09:06:01] 
INFO [2021-05-31 09:06:01] $col
INFO [2021-05-31 09:06:01] c("red", "blue", "black")
INFO [2021-05-31 09:06:01] 
INFO [2021-05-31 09:06:01] $fill
INFO [2021-05-31 09:06:01] myCol
INFO [2021-05-31 09:06:01] 
INFO [2021-05-31 09:06:01] $fontfamily
INFO [2021-05-31 09:06:01] [1] "sans"
INFO [2021-05-31 09:06:01] 
INFO [2021-05-31 09:06:01] $cat.col
INFO [2021-05-31 09:06:01] c("red", "blue", "black")
INFO [2021-05-31 09:06:01] 
INFO [2021-05-31 09:06:01] [[15]]
INFO [2021-05-31 09:06:01] 
INFO [2021-05-31 09:06:01] 
