INFO [2023-12-21 10:50:26] $x
INFO [2023-12-21 10:50:26] list(A, B, C)
INFO [2023-12-21 10:50:26] 
INFO [2023-12-21 10:50:26] $category.names
INFO [2023-12-21 10:50:26] c("A", "B ", "C")
INFO [2023-12-21 10:50:26] 
INFO [2023-12-21 10:50:26] $filename
INFO [2023-12-21 10:50:26] [1] "images/diagramaEst.png"
INFO [2023-12-21 10:50:26] 
INFO [2023-12-21 10:50:26] $imagetype
INFO [2023-12-21 10:50:26] [1] "png"
INFO [2023-12-21 10:50:26] 
INFO [2023-12-21 10:50:26] $height
INFO [2023-12-21 10:50:26] [1] 1000
INFO [2023-12-21 10:50:26] 
INFO [2023-12-21 10:50:26] $width
INFO [2023-12-21 10:50:26] [1] 1000
INFO [2023-12-21 10:50:26] 
INFO [2023-12-21 10:50:26] $resolution
INFO [2023-12-21 10:50:26] [1] 300
INFO [2023-12-21 10:50:26] 
INFO [2023-12-21 10:50:26] $lwd
INFO [2023-12-21 10:50:26] [1] 1
INFO [2023-12-21 10:50:26] 
INFO [2023-12-21 10:50:26] $cex
INFO [2023-12-21 10:50:26] [1] 1
INFO [2023-12-21 10:50:26] 
INFO [2023-12-21 10:50:26] $cat.cex
INFO [2023-12-21 10:50:26] [1] 1
INFO [2023-12-21 10:50:26] 
INFO [2023-12-21 10:50:26] $col
INFO [2023-12-21 10:50:26] c("red", "blue", "black")
INFO [2023-12-21 10:50:26] 
INFO [2023-12-21 10:50:26] $fill
INFO [2023-12-21 10:50:26] myCol
INFO [2023-12-21 10:50:26] 
INFO [2023-12-21 10:50:26] $fontfamily
INFO [2023-12-21 10:50:26] [1] "sans"
INFO [2023-12-21 10:50:26] 
INFO [2023-12-21 10:50:26] $cat.col
INFO [2023-12-21 10:50:26] c("red", "blue", "black")
INFO [2023-12-21 10:50:26] 
INFO [2023-12-21 10:50:26] [[15]]
INFO [2023-12-21 10:50:26] 
INFO [2023-12-21 10:50:26] 
