INFO [2023-12-21 11:09:30] $x
INFO [2023-12-21 11:09:30] list(A, B, C)
INFO [2023-12-21 11:09:30] 
INFO [2023-12-21 11:09:30] $category.names
INFO [2023-12-21 11:09:30] c("A", "B ", "C")
INFO [2023-12-21 11:09:30] 
INFO [2023-12-21 11:09:30] $filename
INFO [2023-12-21 11:09:30] [1] "images/diagramaEst.png"
INFO [2023-12-21 11:09:30] 
INFO [2023-12-21 11:09:30] $imagetype
INFO [2023-12-21 11:09:30] [1] "png"
INFO [2023-12-21 11:09:30] 
INFO [2023-12-21 11:09:30] $height
INFO [2023-12-21 11:09:30] [1] 1000
INFO [2023-12-21 11:09:30] 
INFO [2023-12-21 11:09:30] $width
INFO [2023-12-21 11:09:30] [1] 1000
INFO [2023-12-21 11:09:30] 
INFO [2023-12-21 11:09:30] $resolution
INFO [2023-12-21 11:09:30] [1] 300
INFO [2023-12-21 11:09:30] 
INFO [2023-12-21 11:09:30] $lwd
INFO [2023-12-21 11:09:30] [1] 1
INFO [2023-12-21 11:09:30] 
INFO [2023-12-21 11:09:30] $cex
INFO [2023-12-21 11:09:30] [1] 1
INFO [2023-12-21 11:09:30] 
INFO [2023-12-21 11:09:30] $cat.cex
INFO [2023-12-21 11:09:30] [1] 1
INFO [2023-12-21 11:09:30] 
INFO [2023-12-21 11:09:30] $col
INFO [2023-12-21 11:09:30] c("red", "blue", "black")
INFO [2023-12-21 11:09:30] 
INFO [2023-12-21 11:09:30] $fill
INFO [2023-12-21 11:09:30] myCol
INFO [2023-12-21 11:09:30] 
INFO [2023-12-21 11:09:30] $fontfamily
INFO [2023-12-21 11:09:30] [1] "sans"
INFO [2023-12-21 11:09:30] 
INFO [2023-12-21 11:09:30] $cat.col
INFO [2023-12-21 11:09:30] c("red", "blue", "black")
INFO [2023-12-21 11:09:30] 
INFO [2023-12-21 11:09:30] [[15]]
INFO [2023-12-21 11:09:30] 
INFO [2023-12-21 11:09:30] 
