INFO [2023-12-21 11:07:24] $x
INFO [2023-12-21 11:07:24] list(A, B, C)
INFO [2023-12-21 11:07:24] 
INFO [2023-12-21 11:07:24] $category.names
INFO [2023-12-21 11:07:24] c("A", "B ", "C")
INFO [2023-12-21 11:07:24] 
INFO [2023-12-21 11:07:24] $filename
INFO [2023-12-21 11:07:24] [1] "images/diagramaEst.png"
INFO [2023-12-21 11:07:24] 
INFO [2023-12-21 11:07:24] $imagetype
INFO [2023-12-21 11:07:24] [1] "png"
INFO [2023-12-21 11:07:24] 
INFO [2023-12-21 11:07:24] $height
INFO [2023-12-21 11:07:24] [1] 1000
INFO [2023-12-21 11:07:24] 
INFO [2023-12-21 11:07:24] $width
INFO [2023-12-21 11:07:24] [1] 1000
INFO [2023-12-21 11:07:24] 
INFO [2023-12-21 11:07:24] $resolution
INFO [2023-12-21 11:07:24] [1] 300
INFO [2023-12-21 11:07:24] 
INFO [2023-12-21 11:07:24] $lwd
INFO [2023-12-21 11:07:24] [1] 1
INFO [2023-12-21 11:07:24] 
INFO [2023-12-21 11:07:24] $cex
INFO [2023-12-21 11:07:24] [1] 1
INFO [2023-12-21 11:07:24] 
INFO [2023-12-21 11:07:24] $cat.cex
INFO [2023-12-21 11:07:24] [1] 1
INFO [2023-12-21 11:07:24] 
INFO [2023-12-21 11:07:24] $col
INFO [2023-12-21 11:07:24] c("red", "blue", "black")
INFO [2023-12-21 11:07:24] 
INFO [2023-12-21 11:07:24] $fill
INFO [2023-12-21 11:07:24] myCol
INFO [2023-12-21 11:07:24] 
INFO [2023-12-21 11:07:24] $fontfamily
INFO [2023-12-21 11:07:24] [1] "sans"
INFO [2023-12-21 11:07:24] 
INFO [2023-12-21 11:07:24] $cat.col
INFO [2023-12-21 11:07:24] c("red", "blue", "black")
INFO [2023-12-21 11:07:24] 
INFO [2023-12-21 11:07:24] [[15]]
INFO [2023-12-21 11:07:24] 
INFO [2023-12-21 11:07:24] 
