INFO [2023-12-21 11:09:52] $x
INFO [2023-12-21 11:09:52] list(A, B, C)
INFO [2023-12-21 11:09:52] 
INFO [2023-12-21 11:09:52] $category.names
INFO [2023-12-21 11:09:52] c("A", "B ", "C")
INFO [2023-12-21 11:09:52] 
INFO [2023-12-21 11:09:52] $filename
INFO [2023-12-21 11:09:52] [1] "images/diagramaEst.png"
INFO [2023-12-21 11:09:52] 
INFO [2023-12-21 11:09:52] $imagetype
INFO [2023-12-21 11:09:52] [1] "png"
INFO [2023-12-21 11:09:52] 
INFO [2023-12-21 11:09:52] $height
INFO [2023-12-21 11:09:52] [1] 1000
INFO [2023-12-21 11:09:52] 
INFO [2023-12-21 11:09:52] $width
INFO [2023-12-21 11:09:52] [1] 1000
INFO [2023-12-21 11:09:52] 
INFO [2023-12-21 11:09:52] $resolution
INFO [2023-12-21 11:09:52] [1] 300
INFO [2023-12-21 11:09:52] 
INFO [2023-12-21 11:09:52] $lwd
INFO [2023-12-21 11:09:52] [1] 1
INFO [2023-12-21 11:09:52] 
INFO [2023-12-21 11:09:52] $cex
INFO [2023-12-21 11:09:52] [1] 1
INFO [2023-12-21 11:09:52] 
INFO [2023-12-21 11:09:52] $cat.cex
INFO [2023-12-21 11:09:52] [1] 1
INFO [2023-12-21 11:09:52] 
INFO [2023-12-21 11:09:52] $col
INFO [2023-12-21 11:09:52] c("red", "blue", "black")
INFO [2023-12-21 11:09:52] 
INFO [2023-12-21 11:09:52] $fill
INFO [2023-12-21 11:09:52] myCol
INFO [2023-12-21 11:09:52] 
INFO [2023-12-21 11:09:52] $fontfamily
INFO [2023-12-21 11:09:52] [1] "sans"
INFO [2023-12-21 11:09:52] 
INFO [2023-12-21 11:09:52] $cat.col
INFO [2023-12-21 11:09:52] c("red", "blue", "black")
INFO [2023-12-21 11:09:52] 
INFO [2023-12-21 11:09:52] [[15]]
INFO [2023-12-21 11:09:52] 
INFO [2023-12-21 11:09:52] 
